// Jest Snapshot v1, https://goo.gl/fbAQLP

exports[`FilterComponent snapshot 1`] = `
<lintel-filter
  __ngContext__={[Function LRootView]}
  configs={[Function ConfigsState]}
  destroy$={[Function DestroyService]}
  filter={[Function FilterState]}
  filterForm={[Function FormGroup]}
  formBuilder={[Function FormBuilder]}
  params={[Function Params]}
  selection={[Function SelectionState]}
>
  <lintel-input
    class="ng-untouched ng-pristine ng-valid"
    formcontrolname="filter"
    placeholder="Filter rules"
  >
    <input
      autocomplete="off"
      max="undefined"
      min="undefined"
      placeholder="Filter rules"
      step="undefined"
      tabindex="0"
      type="text"
    />
    <fa-icon
      class="ng-fa-icon"
      suffix=""
      title="Toggle inherited rules analysis"
    >
      <svg
        aria-labelledby="svg-inline--fa-title-xxx"
        class="svg-inline--fa fa-eye fa-w-18"
        data-icon="eye"
        data-prefix="fas"
        role="img"
        viewBox="0 0 576 512"
        xmlns="http://www.w3.org/2000/svg"
      >
        <title
          id="svg-inline--fa-title-xxx"
        >
          Toggle inherited rules analysis
        </title>
        <path
          d="M572.52 241.4C518.29 135.59 410.93 64 288 64S57.68 135.64 3.48 241.41a32.35 32.35 0 0 0 0 29.19C57.71 376.41 165.07 448 288 448s230.32-71.64 284.52-177.41a32.35 32.35 0 0 0 0-29.19zM288 400a144 144 0 1 1 144-144 143.93 143.93 0 0 1-144 144zm0-240a95.31 95.31 0 0 0-25.31 3.79 47.85 47.85 0 0 1-66.9 66.9A95.78 95.78 0 1 0 288 160z"
          fill="currentColor"
        />
      </svg>
    </fa-icon>
    <fa-icon
      class="ng-fa-icon"
      suffix=""
      title="Clear filter rules input"
    >
      <svg
        aria-labelledby="svg-inline--fa-title-xxx"
        class="svg-inline--fa fa-times fa-w-11"
        data-icon="times"
        data-prefix="fas"
        role="img"
        viewBox="0 0 352 512"
        xmlns="http://www.w3.org/2000/svg"
      >
        <title
          id="svg-inline--fa-title-xxx"
        >
          Clear filter rules input
        </title>
        <path
          d="M242.72 256l100.07-100.07c12.28-12.28 12.28-32.19 0-44.48l-22.24-22.24c-12.28-12.28-32.19-12.28-44.48 0L176 189.28 75.93 89.21c-12.28-12.28-32.19-12.28-44.48 0L9.21 111.45c-12.28 12.28-12.28 32.19 0 44.48L109.28 256 9.21 356.07c-12.28 12.28-12.28 32.19 0 44.48l22.24 22.24c12.28 12.28 32.2 12.28 44.48 0L176 322.72l100.07 100.07c12.28 12.28 32.2 12.28 44.48 0l22.24-22.24c12.28-12.28 12.28-32.19 0-44.48L242.72 256z"
          fill="currentColor"
        />
      </svg>
    </fa-icon>
  </lintel-input>
</lintel-filter>
`;
